------------------------------------------------------------
Timing Analyzer Summary
------------------------------------------------------------

Type  : Slow 1200mV 85C Model Setup 's_clk_lent'
Slack : -12.870
TNS   : -2669.248

Type  : Slow 1200mV 85C Model Setup 'trigger0'
Slack : -11.329
TNS   : -2327.834

Type  : Slow 1200mV 85C Model Setup 'clk'
Slack : -3.821
TNS   : -94.872

Type  : Slow 1200mV 85C Model Hold 'clk'
Slack : 0.410
TNS   : 0.000

Type  : Slow 1200mV 85C Model Hold 'trigger0'
Slack : 1.153
TNS   : 0.000

Type  : Slow 1200mV 85C Model Hold 's_clk_lent'
Slack : 1.784
TNS   : 0.000

Type  : Slow 1200mV 85C Model Recovery 'trigger0'
Slack : -3.065
TNS   : -104.559

Type  : Slow 1200mV 85C Model Recovery 's_clk_lent'
Slack : -2.669
TNS   : -732.042

Type  : Slow 1200mV 85C Model Removal 'trigger0'
Slack : 1.258
TNS   : 0.000

Type  : Slow 1200mV 85C Model Removal 's_clk_lent'
Slack : 1.585
TNS   : 0.000

Type  : Slow 1200mV 85C Model Minimum Pulse Width 'clk'
Slack : -3.000
TNS   : -40.881

Type  : Slow 1200mV 85C Model Minimum Pulse Width 'trigger0'
Slack : -3.000
TNS   : -3.000

Type  : Slow 1200mV 85C Model Minimum Pulse Width 's_clk_lent'
Slack : -1.403
TNS   : -551.379

Type  : Slow 1200mV 0C Model Setup 's_clk_lent'
Slack : -11.954
TNS   : -2458.531

Type  : Slow 1200mV 0C Model Setup 'trigger0'
Slack : -10.554
TNS   : -2146.525

Type  : Slow 1200mV 0C Model Setup 'clk'
Slack : -3.456
TNS   : -85.031

Type  : Slow 1200mV 0C Model Hold 'clk'
Slack : 0.378
TNS   : 0.000

Type  : Slow 1200mV 0C Model Hold 'trigger0'
Slack : 1.003
TNS   : 0.000

Type  : Slow 1200mV 0C Model Hold 's_clk_lent'
Slack : 1.727
TNS   : 0.000

Type  : Slow 1200mV 0C Model Recovery 'trigger0'
Slack : -2.733
TNS   : -90.734

Type  : Slow 1200mV 0C Model Recovery 's_clk_lent'
Slack : -2.426
TNS   : -663.891

Type  : Slow 1200mV 0C Model Removal 'trigger0'
Slack : 1.316
TNS   : 0.000

Type  : Slow 1200mV 0C Model Removal 's_clk_lent'
Slack : 1.469
TNS   : 0.000

Type  : Slow 1200mV 0C Model Minimum Pulse Width 'clk'
Slack : -3.000
TNS   : -40.881

Type  : Slow 1200mV 0C Model Minimum Pulse Width 'trigger0'
Slack : -3.000
TNS   : -3.000

Type  : Slow 1200mV 0C Model Minimum Pulse Width 's_clk_lent'
Slack : -1.403
TNS   : -551.379

Type  : Fast 1200mV 0C Model Setup 's_clk_lent'
Slack : -5.350
TNS   : -989.394

Type  : Fast 1200mV 0C Model Setup 'trigger0'
Slack : -4.599
TNS   : -867.878

Type  : Fast 1200mV 0C Model Setup 'clk'
Slack : -1.059
TNS   : -24.587

Type  : Fast 1200mV 0C Model Hold 'clk'
Slack : 0.164
TNS   : 0.000

Type  : Fast 1200mV 0C Model Hold 'trigger0'
Slack : 0.470
TNS   : 0.000

Type  : Fast 1200mV 0C Model Hold 's_clk_lent'
Slack : 0.540
TNS   : 0.000

Type  : Fast 1200mV 0C Model Recovery 'trigger0'
Slack : -1.553
TNS   : -53.289

Type  : Fast 1200mV 0C Model Recovery 's_clk_lent'
Slack : -1.182
TNS   : -296.072

Type  : Fast 1200mV 0C Model Removal 'trigger0'
Slack : 0.396
TNS   : 0.000

Type  : Fast 1200mV 0C Model Removal 's_clk_lent'
Slack : 0.614
TNS   : 0.000

Type  : Fast 1200mV 0C Model Minimum Pulse Width 'clk'
Slack : -3.000
TNS   : -30.769

Type  : Fast 1200mV 0C Model Minimum Pulse Width 'trigger0'
Slack : -3.000
TNS   : -3.000

Type  : Fast 1200mV 0C Model Minimum Pulse Width 's_clk_lent'
Slack : -1.000
TNS   : -393.000

------------------------------------------------------------
